Label 'subpoint_map':
[0]: 10 (2)
[0]: 17 (1)
[0]: 18 (1)
[0]: 19 (1)
[0]: 3 (0)
[0]: 4 (0)
[0]: 5 (0)
[0]: 0 (103)
[0]: 7 (102)
[0]: 8 (102)
[0]: 9 (102)
[0]: 1 (-103)
[0]: 11 (-102)
[0]: 12 (-102)
[0]: 13 (-102)
[0]: 14 (101)
[0]: 15 (101)
[0]: 16 (101)
[0]: 20 (-101)
[0]: 21 (-101)
[0]: 22 (-101)
Mesh 'Hybrid Mesh':
Max sizes cone: 5 support: 4
orientation is missing
cap --> base:
[0]: 3 ----> 19
[0]: 3 ----> 20
[0]: 3 ----> 21
[0]: 4 ----> 19
[0]: 4 ----> 22
[0]: 4 ----> 24
[0]: 4 ----> 31
[0]: 5 ----> 20
[0]: 5 ----> 22
[0]: 5 ----> 23
[0]: 5 ----> 32
[0]: 6 ----> 21
[0]: 6 ----> 23
[0]: 6 ----> 24
[0]: 6 ----> 33
[0]: 7 ----> 25
[0]: 7 ----> 26
[0]: 7 ----> 27
[0]: 8 ----> 28
[0]: 8 ----> 30
[0]: 8 ----> 25
[0]: 8 ----> 31
[0]: 9 ----> 28
[0]: 9 ----> 29
[0]: 9 ----> 26
[0]: 9 ----> 32
[0]: 10 ----> 29
[0]: 10 ----> 30
[0]: 10 ----> 27
[0]: 10 ----> 33
[0]: 11 ----> 0
[0]: 12 ----> 0
[0]: 13 ----> 0
[0]: 14 ----> 0
[0]: 14 ----> 2
[0]: 15 ----> 1
[0]: 16 ----> 1
[0]: 17 ----> 1
[0]: 18 ----> 2
[0]: 18 ----> 1
[0]: 19 ----> 11
[0]: 19 ----> 13
[0]: 20 ----> 11
[0]: 20 ----> 12
[0]: 21 ----> 12
[0]: 21 ----> 13
[0]: 22 ----> 11
[0]: 22 ----> 14
[0]: 23 ----> 12
[0]: 23 ----> 14
[0]: 24 ----> 13
[0]: 24 ----> 14
[0]: 25 ----> 15
[0]: 25 ----> 17
[0]: 26 ----> 15
[0]: 26 ----> 16
[0]: 27 ----> 16
[0]: 27 ----> 17
[0]: 28 ----> 18
[0]: 28 ----> 15
[0]: 29 ----> 18
[0]: 29 ----> 16
[0]: 30 ----> 18
[0]: 30 ----> 17
base <-- cap:
[0]: 0 <---- 11 (0)
[0]: 0 <---- 12 (0)
[0]: 0 <---- 13 (0)
[0]: 0 <---- 14 (0)
[0]: 1 <---- 15 (0)
[0]: 1 <---- 16 (0)
[0]: 1 <---- 17 (0)
[0]: 1 <---- 18 (-3)
[0]: 2 <---- 14 (0)
[0]: 2 <---- 18 (0)
[0]: 2 <---- 31 (0)
[0]: 2 <---- 32 (0)
[0]: 2 <---- 33 (0)
[0]: 11 <---- 20 (0)
[0]: 11 <---- 22 (-2)
[0]: 11 <---- 19 (-2)
[0]: 12 <---- 21 (0)
[0]: 12 <---- 23 (-2)
[0]: 12 <---- 20 (-2)
[0]: 13 <---- 19 (0)
[0]: 13 <---- 24 (-2)
[0]: 13 <---- 21 (-2)
[0]: 14 <---- 22 (0)
[0]: 14 <---- 23 (0)
[0]: 14 <---- 24 (0)
[0]: 15 <---- 28 (0)
[0]: 15 <---- 26 (0)
[0]: 15 <---- 25 (-2)
[0]: 16 <---- 29 (0)
[0]: 16 <---- 27 (0)
[0]: 16 <---- 26 (-2)
[0]: 17 <---- 27 (-2)
[0]: 17 <---- 30 (0)
[0]: 17 <---- 25 (0)
[0]: 18 <---- 28 (0)
[0]: 18 <---- 29 (0)
[0]: 18 <---- 30 (0)
[0]: 19 <---- 3 (0)
[0]: 19 <---- 4 (0)
[0]: 20 <---- 3 (0)
[0]: 20 <---- 5 (0)
[0]: 21 <---- 3 (0)
[0]: 21 <---- 6 (0)
[0]: 22 <---- 4 (0)
[0]: 22 <---- 5 (0)
[0]: 23 <---- 5 (0)
[0]: 23 <---- 6 (0)
[0]: 24 <---- 6 (0)
[0]: 24 <---- 4 (0)
[0]: 25 <---- 8 (0)
[0]: 25 <---- 7 (0)
[0]: 26 <---- 9 (0)
[0]: 26 <---- 7 (0)
[0]: 27 <---- 10 (0)
[0]: 27 <---- 7 (0)
[0]: 28 <---- 8 (0)
[0]: 28 <---- 9 (0)
[0]: 29 <---- 9 (0)
[0]: 29 <---- 10 (0)
[0]: 30 <---- 10 (0)
[0]: 30 <---- 8 (0)
[0]: 31 <---- 4 (0)
[0]: 31 <---- 8 (0)
[0]: 32 <---- 5 (0)
[0]: 32 <---- 9 (0)
[0]: 33 <---- 6 (0)
[0]: 33 <---- 10 (0)
coordinates with 1 fields
  field 0 with 3 components
Process 0:
  (   3) dim  3 offset   0 0 0 -0.5
  (   4) dim  3 offset   3 0 -0.5 0
  (   5) dim  3 offset   6 1 0 0
  (   6) dim  3 offset   9 0 0.5 0
  (   7) dim  3 offset  12 0 0 0.5
  (   8) dim  3 offset  15 0 -0.5 0
  (   9) dim  3 offset  18 1 0 0
  (  10) dim  3 offset  21 0 0.5 0
Label 'marker':
[0]: 3 (1)
[0]: 4 (1)
[0]: 5 (1)
[0]: 6 (1)
[0]: 8 (1)
[0]: 9 (1)
[0]: 10 (1)
[0]: 19 (1)
[0]: 20 (1)
[0]: 21 (1)
[0]: 22 (1)
[0]: 23 (1)
[0]: 24 (1)
[0]: 28 (1)
[0]: 29 (1)
[0]: 30 (1)
[0]: 31 (1)
[0]: 32 (1)
[0]: 33 (1)
