Label 'subpoint_map':
[0]: 10 (2)
[0]: 17 (1)
[0]: 18 (1)
[0]: 19 (1)
[0]: 3 (0)
[0]: 4 (0)
[0]: 5 (0)
[0]: 0 (103)
[0]: 7 (102)
[0]: 8 (102)
[0]: 9 (102)
[0]: 1 (-103)
[0]: 11 (-102)
[0]: 12 (-102)
[0]: 13 (-102)
[0]: 14 (101)
[0]: 15 (101)
[0]: 16 (101)
[0]: 20 (-101)
[0]: 21 (-101)
[0]: 22 (-101)
Mesh 'Parallel Mesh':
Max sizes cone: 4 support: 3
orientation is missing
cap --> base:
[0]: 1 ----> 9
[0]: 1 ----> 10
[0]: 1 ----> 11
[0]: 2 ----> 9
[0]: 2 ----> 12
[0]: 2 ----> 14
[0]: 3 ----> 10
[0]: 3 ----> 12
[0]: 3 ----> 13
[0]: 4 ----> 11
[0]: 4 ----> 13
[0]: 4 ----> 14
[0]: 5 ----> 0
[0]: 6 ----> 0
[0]: 7 ----> 0
[0]: 8 ----> 0
[0]: 9 ----> 5
[0]: 9 ----> 7
[0]: 10 ----> 5
[0]: 10 ----> 6
[0]: 11 ----> 6
[0]: 11 ----> 7
[0]: 12 ----> 5
[0]: 12 ----> 8
[0]: 13 ----> 6
[0]: 13 ----> 8
[0]: 14 ----> 7
[0]: 14 ----> 8
Max sizes cone: 5 support: 4
[1]: 2 ----> 14
[1]: 2 ----> 15
[1]: 2 ----> 16
[1]: 3 ----> 14
[1]: 3 ----> 17
[1]: 3 ----> 19
[1]: 3 ----> 23
[1]: 4 ----> 15
[1]: 4 ----> 17
[1]: 4 ----> 18
[1]: 4 ----> 24
[1]: 5 ----> 16
[1]: 5 ----> 18
[1]: 5 ----> 19
[1]: 5 ----> 25
[1]: 6 ----> 20
[1]: 6 ----> 22
[1]: 6 ----> 23
[1]: 7 ----> 20
[1]: 7 ----> 21
[1]: 7 ----> 24
[1]: 8 ----> 21
[1]: 8 ----> 22
[1]: 8 ----> 25
[1]: 9 ----> 0
[1]: 10 ----> 0
[1]: 11 ----> 0
[1]: 12 ----> 0
[1]: 12 ----> 1
[1]: 13 ----> 1
[1]: 14 ----> 9
[1]: 14 ----> 11
[1]: 15 ----> 9
[1]: 15 ----> 10
[1]: 16 ----> 10
[1]: 16 ----> 11
[1]: 17 ----> 9
[1]: 17 ----> 12
[1]: 18 ----> 10
[1]: 18 ----> 12
[1]: 19 ----> 11
[1]: 19 ----> 12
[1]: 20 ----> 13
[1]: 21 ----> 13
[1]: 22 ----> 13
[1]: 23 ----> 1
[1]: 24 ----> 1
[1]: 25 ----> 1
base <-- cap:
[0]: 0 <---- 5 (0)
[0]: 0 <---- 6 (0)
[0]: 0 <---- 7 (0)
[0]: 0 <---- 8 (-3)
[0]: 5 <---- 12 (0)
[0]: 5 <---- 10 (0)
[0]: 5 <---- 9 (-2)
[0]: 6 <---- 13 (0)
[0]: 6 <---- 11 (0)
[0]: 6 <---- 10 (-2)
[0]: 7 <---- 11 (-2)
[0]: 7 <---- 14 (0)
[0]: 7 <---- 9 (0)
[0]: 8 <---- 12 (0)
[0]: 8 <---- 13 (0)
[0]: 8 <---- 14 (0)
[0]: 9 <---- 2 (0)
[0]: 9 <---- 1 (0)
[0]: 10 <---- 3 (0)
[0]: 10 <---- 1 (0)
[0]: 11 <---- 4 (0)
[0]: 11 <---- 1 (0)
[0]: 12 <---- 2 (0)
[0]: 12 <---- 3 (0)
[0]: 13 <---- 3 (0)
[0]: 13 <---- 4 (0)
[0]: 14 <---- 4 (0)
[0]: 14 <---- 2 (0)
[1]: 0 <---- 9 (0)
[1]: 0 <---- 10 (0)
[1]: 0 <---- 11 (0)
[1]: 0 <---- 12 (0)
[1]: 1 <---- 12 (0)
[1]: 1 <---- 13 (0)
[1]: 1 <---- 23 (0)
[1]: 1 <---- 24 (0)
[1]: 1 <---- 25 (0)
[1]: 9 <---- 15 (0)
[1]: 9 <---- 17 (-2)
[1]: 9 <---- 14 (-2)
[1]: 10 <---- 16 (0)
[1]: 10 <---- 18 (-2)
[1]: 10 <---- 15 (-2)
[1]: 11 <---- 14 (0)
[1]: 11 <---- 19 (-2)
[1]: 11 <---- 16 (-2)
[1]: 12 <---- 17 (0)
[1]: 12 <---- 18 (0)
[1]: 12 <---- 19 (0)
[1]: 13 <---- 20 (0)
[1]: 13 <---- 21 (0)
[1]: 13 <---- 22 (0)
[1]: 14 <---- 2 (0)
[1]: 14 <---- 3 (0)
[1]: 15 <---- 2 (0)
[1]: 15 <---- 4 (0)
[1]: 16 <---- 2 (0)
[1]: 16 <---- 5 (0)
[1]: 17 <---- 3 (0)
[1]: 17 <---- 4 (0)
[1]: 18 <---- 4 (0)
[1]: 18 <---- 5 (0)
[1]: 19 <---- 5 (0)
[1]: 19 <---- 3 (0)
[1]: 20 <---- 6 (0)
[1]: 20 <---- 7 (0)
[1]: 21 <---- 7 (0)
[1]: 21 <---- 8 (0)
[1]: 22 <---- 8 (0)
[1]: 22 <---- 6 (0)
[1]: 23 <---- 3 (0)
[1]: 23 <---- 6 (0)
[1]: 24 <---- 4 (0)
[1]: 24 <---- 7 (0)
[1]: 25 <---- 5 (0)
[1]: 25 <---- 8 (0)
coordinates with 1 fields
  field 0 with 3 components
Process 0:
  (   1) dim  3 offset   0 0 0 0.5
  (   2) dim  3 offset   3 0 -0.5 0
  (   3) dim  3 offset   6 1 0 0
  (   4) dim  3 offset   9 0 0.5 0
Process 1:
  (   2) dim  3 offset   0 0 0 -0.5
  (   3) dim  3 offset   3 0 -0.5 0
  (   4) dim  3 offset   6 1 0 0
  (   5) dim  3 offset   9 0 0.5 0
  (   6) dim  3 offset  12 0 -0.5 0
  (   7) dim  3 offset  15 1 0 0
  (   8) dim  3 offset  18 0 0.5 0
Label 'marker':
[0]: 2 (1)
[0]: 3 (1)
[0]: 4 (1)
[0]: 12 (1)
[0]: 13 (1)
[0]: 14 (1)
[1]: 2 (1)
[1]: 3 (1)
[1]: 4 (1)
[1]: 5 (1)
[1]: 6 (1)
[1]: 7 (1)
[1]: 8 (1)
[1]: 14 (1)
[1]: 15 (1)
[1]: 16 (1)
[1]: 17 (1)
[1]: 18 (1)
[1]: 19 (1)
[1]: 20 (1)
[1]: 21 (1)
[1]: 22 (1)
[1]: 23 (1)
[1]: 24 (1)
[1]: 25 (1)
Star Forest Object: 2 MPI processes
  type: basic
    sort=rank-order
  [0] Number of roots=15, leaves=7, remote ranks=1
  [0] 2 <- (1,6)
  [0] 3 <- (1,7)
  [0] 4 <- (1,8)
  [0] 8 <- (1,13)
  [0] 12 <- (1,20)
  [0] 13 <- (1,21)
  [0] 14 <- (1,22)
  [1] Number of roots=26, leaves=0, remote ranks=0
  [0] Roots referenced by my leaves, by rank
  [0] 1: 7 edges
  [0]    2 <- 6
  [0]    3 <- 7
  [0]    4 <- 8
  [0]    8 <- 13
  [0]    12 <- 20
  [0]    13 <- 21
  [0]    14 <- 22
  [1] Roots referenced by my leaves, by rank
Mesh 'Hybrid Mesh':
Max sizes cone: 4 support: 3
orientation is missing
cap --> base:
[0]: 1 ----> 9
[0]: 1 ----> 10
[0]: 1 ----> 11
[0]: 2 ----> 9
[0]: 2 ----> 12
[0]: 2 ----> 14
[0]: 3 ----> 10
[0]: 3 ----> 12
[0]: 3 ----> 13
[0]: 4 ----> 11
[0]: 4 ----> 13
[0]: 4 ----> 14
[0]: 5 ----> 0
[0]: 6 ----> 0
[0]: 7 ----> 0
[0]: 8 ----> 0
[0]: 9 ----> 5
[0]: 9 ----> 7
[0]: 10 ----> 5
[0]: 10 ----> 6
[0]: 11 ----> 6
[0]: 11 ----> 7
[0]: 12 ----> 5
[0]: 12 ----> 8
[0]: 13 ----> 6
[0]: 13 ----> 8
[0]: 14 ----> 7
[0]: 14 ----> 8
Max sizes cone: 5 support: 4
[1]: 2 ----> 14
[1]: 2 ----> 15
[1]: 2 ----> 16
[1]: 3 ----> 14
[1]: 3 ----> 17
[1]: 3 ----> 19
[1]: 3 ----> 23
[1]: 4 ----> 15
[1]: 4 ----> 17
[1]: 4 ----> 18
[1]: 4 ----> 24
[1]: 5 ----> 16
[1]: 5 ----> 18
[1]: 5 ----> 19
[1]: 5 ----> 25
[1]: 6 ----> 20
[1]: 6 ----> 22
[1]: 6 ----> 23
[1]: 7 ----> 20
[1]: 7 ----> 21
[1]: 7 ----> 24
[1]: 8 ----> 21
[1]: 8 ----> 22
[1]: 8 ----> 25
[1]: 9 ----> 0
[1]: 10 ----> 0
[1]: 11 ----> 0
[1]: 12 ----> 0
[1]: 12 ----> 1
[1]: 13 ----> 1
[1]: 14 ----> 9
[1]: 14 ----> 11
[1]: 15 ----> 9
[1]: 15 ----> 10
[1]: 16 ----> 10
[1]: 16 ----> 11
[1]: 17 ----> 9
[1]: 17 ----> 12
[1]: 18 ----> 10
[1]: 18 ----> 12
[1]: 19 ----> 11
[1]: 19 ----> 12
[1]: 20 ----> 13
[1]: 21 ----> 13
[1]: 22 ----> 13
[1]: 23 ----> 1
[1]: 24 ----> 1
[1]: 25 ----> 1
base <-- cap:
[0]: 0 <---- 5 (0)
[0]: 0 <---- 6 (0)
[0]: 0 <---- 7 (0)
[0]: 0 <---- 8 (-3)
[0]: 5 <---- 12 (0)
[0]: 5 <---- 10 (0)
[0]: 5 <---- 9 (-2)
[0]: 6 <---- 13 (0)
[0]: 6 <---- 11 (0)
[0]: 6 <---- 10 (-2)
[0]: 7 <---- 11 (-2)
[0]: 7 <---- 14 (0)
[0]: 7 <---- 9 (0)
[0]: 8 <---- 12 (0)
[0]: 8 <---- 13 (0)
[0]: 8 <---- 14 (0)
[0]: 9 <---- 2 (0)
[0]: 9 <---- 1 (0)
[0]: 10 <---- 3 (0)
[0]: 10 <---- 1 (0)
[0]: 11 <---- 4 (0)
[0]: 11 <---- 1 (0)
[0]: 12 <---- 2 (0)
[0]: 12 <---- 3 (0)
[0]: 13 <---- 3 (0)
[0]: 13 <---- 4 (0)
[0]: 14 <---- 4 (0)
[0]: 14 <---- 2 (0)
[1]: 0 <---- 9 (0)
[1]: 0 <---- 10 (0)
[1]: 0 <---- 11 (0)
[1]: 0 <---- 12 (0)
[1]: 1 <---- 12 (0)
[1]: 1 <---- 13 (0)
[1]: 1 <---- 23 (0)
[1]: 1 <---- 24 (0)
[1]: 1 <---- 25 (0)
[1]: 9 <---- 15 (0)
[1]: 9 <---- 17 (-2)
[1]: 9 <---- 14 (-2)
[1]: 10 <---- 16 (0)
[1]: 10 <---- 18 (-2)
[1]: 10 <---- 15 (-2)
[1]: 11 <---- 14 (0)
[1]: 11 <---- 19 (-2)
[1]: 11 <---- 16 (-2)
[1]: 12 <---- 17 (0)
[1]: 12 <---- 18 (0)
[1]: 12 <---- 19 (0)
[1]: 13 <---- 20 (0)
[1]: 13 <---- 21 (0)
[1]: 13 <---- 22 (0)
[1]: 14 <---- 2 (0)
[1]: 14 <---- 3 (0)
[1]: 15 <---- 2 (0)
[1]: 15 <---- 4 (0)
[1]: 16 <---- 2 (0)
[1]: 16 <---- 5 (0)
[1]: 17 <---- 3 (0)
[1]: 17 <---- 4 (0)
[1]: 18 <---- 4 (0)
[1]: 18 <---- 5 (0)
[1]: 19 <---- 5 (0)
[1]: 19 <---- 3 (0)
[1]: 20 <---- 6 (0)
[1]: 20 <---- 7 (0)
[1]: 21 <---- 7 (0)
[1]: 21 <---- 8 (0)
[1]: 22 <---- 8 (0)
[1]: 22 <---- 6 (0)
[1]: 23 <---- 3 (0)
[1]: 23 <---- 6 (0)
[1]: 24 <---- 4 (0)
[1]: 24 <---- 7 (0)
[1]: 25 <---- 5 (0)
[1]: 25 <---- 8 (0)
coordinates with 1 fields
  field 0 with 3 components
Process 0:
  (   1) dim  3 offset   0 0 0 0.5
  (   2) dim  3 offset   3 0 -0.5 0
  (   3) dim  3 offset   6 1 0 0
  (   4) dim  3 offset   9 0 0.5 0
Process 1:
  (   2) dim  3 offset   0 0 0 -0.5
  (   3) dim  3 offset   3 0 -0.5 0
  (   4) dim  3 offset   6 1 0 0
  (   5) dim  3 offset   9 0 0.5 0
  (   6) dim  3 offset  12 0 -0.5 0
  (   7) dim  3 offset  15 1 0 0
  (   8) dim  3 offset  18 0 0.5 0
Label 'marker':
[0]: 2 (1)
[0]: 3 (1)
[0]: 4 (1)
[0]: 12 (1)
[0]: 13 (1)
[0]: 14 (1)
[1]: 2 (1)
[1]: 3 (1)
[1]: 4 (1)
[1]: 5 (1)
[1]: 6 (1)
[1]: 7 (1)
[1]: 8 (1)
[1]: 14 (1)
[1]: 15 (1)
[1]: 16 (1)
[1]: 17 (1)
[1]: 18 (1)
[1]: 19 (1)
[1]: 20 (1)
[1]: 21 (1)
[1]: 22 (1)
[1]: 23 (1)
[1]: 24 (1)
[1]: 25 (1)
Star Forest Object: 2 MPI processes
  type: basic
    sort=rank-order
  [0] Number of roots=15, leaves=7, remote ranks=1
  [0] 2 <- (1,6)
  [0] 3 <- (1,7)
  [0] 4 <- (1,8)
  [0] 8 <- (1,13)
  [0] 12 <- (1,20)
  [0] 13 <- (1,21)
  [0] 14 <- (1,22)
  [1] Number of roots=26, leaves=0, remote ranks=0
  [0] Roots referenced by my leaves, by rank
  [0] 1: 7 edges
  [0]    2 <- 6
  [0]    3 <- 7
  [0]    4 <- 8
  [0]    8 <- 13
  [0]    12 <- 20
  [0]    13 <- 21
  [0]    14 <- 22
  [1] Roots referenced by my leaves, by rank
