Number of iterations = 100
Residual norm 3.26193e-19