Number of iterations =  20
Residual norm 5.79836e-08
