Number of elements in ordering 2
PETSc->App  App->PETSc
  0    1      0    1
  1    0      1    0
