Matrix Object:(A_) 1 MPI processes
  type: seqaij
row 0: (0, 1) 
row 1: (3, 2) 
row 2: (2, 3) 
row 3: (0, 4) 

Matrix Object:(R_) 1 MPI processes
  type: seqaij
row 0: (0, 1)  (1, 1) 
row 1: (1, 1)  (2, 1)  (3, 1) 

Matrix Object:(ARt_) 1 MPI processes
  type: seqaij
row 0: (0, 1) 
row 1: (1, 2) 
row 2: (1, 3) 
row 3: (0, 4) 

Rt_dense: 4,1
Matrix Object:(ARt_color_) 1 MPI processes
  type: seqaij
row 0: (0, 1) 
row 1: (1, 2) 
row 2: (1, 3) 
row 3: (0, 4) 

Matrix Object:(PtAP_) 1 MPI processes
  type: seqaij
row 0: (0, 1)  (1, 2) 
row 1: (0, 4)  (1, 5) 
