Matrix Object: 1 MPI processes
  type: mpiaij
row 0: (0, 1)  (1, 1) 
row 1: (1, 1)  (2, 1) 
row 2: (2, 1) 
Matrix Object: 1 MPI processes
  type: mpiaij
row 0: (0, 1)  (1, 1) 
row 1: (0, 1)  (1, 2)  (2, 1) 
row 2: (1, 1)  (2, 2) 
Matrix Object: 1 MPI processes
  type: mpiaij
row 0: (0, 1)  (1, 2)  (2, 1) 
row 1: (0, 1)  (1, 3)  (2, 3) 
row 2: (1, 1)  (2, 3) 
Matrix Object: 1 MPI processes
  type: mpiaij
row 0: (0, 1)  (1, 2)  (2, 1) 
row 1: (0, 1)  (1, 3)  (2, 3) 
row 2: (1, 1)  (2, 3) 
Matrix Object: 1 MPI processes
  type: mpiaij
row 0: (0, 1)  (1, 2)  (2, 1) 
row 1: (0, 1)  (1, 3)  (2, 3) 
row 2: (1, 1)  (2, 3) 
Matrix Object: 1 MPI processes
  type: mpiaij
row 0: (0, 1)  (1, 2)  (2, 1) 
row 1: (0, 1)  (1, 3)  (2, 3) 
row 2: (1, 1)  (2, 3) 
