Matrix Object:(A_) 1 MPI processes
  type: seqaij
row 0: (0, 1)  (1, 1) 
row 1: (1, 1)  (2, 1) 
row 2: (2, 1) 
Matrix Object:(C_) 1 MPI processes
  type: seqaij
row 0: (0, 1)  (1, 1) 
row 1: (0, 1)  (1, 2)  (2, 1) 
row 2: (1, 1)  (2, 2) 
Matrix Object:(D_) 1 MPI processes
  type: seqaij
row 0: (0, 1)  (1, 2)  (2, 1) 
row 1: (0, 1)  (1, 3)  (2, 3) 
row 2: (1, 1)  (2, 3) 
Matrix Object:(D_) 1 MPI processes
  type: seqaij
row 0: (0, 1)  (1, 2)  (2, 1) 
row 1: (0, 1)  (1, 3)  (2, 3) 
row 2: (1, 1)  (2, 3) 
Matrix Object:(C=BtAB_) 1 MPI processes
  type: seqaij
row 0: (0, 1)  (1, 2)  (2, 1) 
row 1: (0, 1)  (1, 3)  (2, 3) 
row 2: (1, 1)  (2, 3) 
Matrix Object:(D=BtAB_) 1 MPI processes
  type: seqaij
row 0: (0, 1)  (1, 2)  (2, 1) 
row 1: (0, 1)  (1, 3)  (2, 3) 
row 2: (1, 1)  (2, 3) 
Matrix Object:(D=A*A^T_) 1 MPI processes
  type: seqaij
row 0: (0, 2)  (1, 1) 
row 1: (0, 1)  (1, 2)  (2, 1) 
row 2: (1, 1)  (2, 1) 
Matrix Object:(D=A*B=A*A^T_) 1 MPI processes
  type: seqaij
row 0: (0, 2)  (1, 1) 
row 1: (0, 1)  (1, 2)  (2, 1) 
row 2: (1, 1)  (2, 1) 
